$ bun run scripts/record-realtime-chat.ts
[dev:err] $ PORT=3333 mandu dev
[dev] 🥟 Mandu Dev Server
[dev] ⚠️  ⚠️  Lockfile 불일치 - 경고
   ↳ lock 갱신: mandu lock  (or bunx mandu lock)
   ↳ 변경 확인: mandu lock --diff  (or bunx mandu lock --diff)
   ↳ 안정 실행: mandu lock && mandu dev --watch  (or bun run dev:safe)
[dev] 📂 라우트 스캔 중...
[dev] ✅ 5개 라우트 발견
[dev] 📡 API: /api/chat/messages -> api-chat-messages
  📡 API: /api/chat/send -> api-chat-send
  📡 API: /api/chat/stream -> api-chat-stream
[dev] 📡 API: /api/health -> api-health
  🎨 Layout: app/layout.tsx
  📄 Page: / -> index 🎨
[dev] 🥟 Mandu Dev Server running at http://localhost:3333
📂 Static files: /public/, /.mandu/client/
[dev] 🛡️  Architecture Guard 활성화 (mandu)
✅ video recorded: /Users/creal3330/.openclaw/workspace/mandu-chat-demo/artifacts/videos
✅ report: /Users/creal3330/.openclaw/workspace/mandu-chat-demo/artifacts/reports/record-realtime-chat-1771046672548.json
[dev] 🛑 서버 종료 중...
